C51 COMPILER V9.60.0.0   MIAN                                                              02/16/2023 20:57:00 PAGE 1   


C51 COMPILER V9.60.0.0, COMPILATION OF MODULE MIAN
OBJECT MODULE PLACED IN .\Objects\mian.obj
COMPILER INVOKED BY: d:\work\keil\C51\BIN\C51.EXE mian.c OPTIMIZE(8,SPEED) BROWSE DEBUG OBJECTEXTEND PRINT(.\Listings\mi
                    -an.lst) TABS(2) OBJECT(.\Objects\mian.obj)

line level    source

   1          #include <stdio.h>
   2          #include <reg52.h>
   3          #include <string.h>
   4          #include <lcd.h> //  导入LCD1602库
   5          #include <key.h> //  导入矩阵按键库
   6          #include <save.h> //  导入24C04库
   7          
   8          /*---全局变量声明---*/
   9          //  lcd
  10          u8 code start_line[]  = {"password:       "};
  11          u8 code name[]    = {"===Coded Lock==="}; //显示名称
  12          u8 code LockOpen[]  = {"      open      "};   //OPEN
  13          u8 code ResetOK[]   = {"ResetPasswordOK "};
  14          u8 code initword[]  = {"Init password..."};
  15          u8 code mode_line[] = {"==Mode Setting=="};
  16          u8 code mode1[] = {"-Change Password"};
  17          u8 code mode2[] = {"-Add New User   "};
  18          u8 code Er_try[]    = {"error,try again!"};
  19          u8 code try_again[] = {"Warn:A Lenth of "};
  20          u8 code try_again2[] = {"password is six"};
  21          u8 code again[]   = {"input again     "};
  22          u8 code username[] = {"=Administrator  "};
  23          u8 code old_p[] = {"==Old Password=="};
  24          u8 code new_p[] = {"==New Password=="};
  25          u8 code warn_a[] = {"-Password exists"};
  26          u8 code right_a[] = {"Adding succeeded"};
  27          u8 code Locked[] = {"====UI locked==="};
  28          
  29          //  AT24C02A
  30          u8 CurrentPassword[6];      //读取EEPROM密码暂存数组
  31          u8 TempPassword[6];
  32          u8 InitPassword[6];
  33          u8 num=0; //  设置密码人数
  34          u8 t=0; //  是否设置初始密码
  35          u8 flag_d=0; //  判断密码是否正确
  36          u8 flag_c; //  修改密码所在位置
  37          u8 n_alert = 0; // 错误次数
  38          
  39          //  按键
  40          u8 flag=0; //  判断按键是否按下
  41          u8 mode=0; //  模式设置
  42          u8 k=0; //  输入密码位数
  43          
  44          
  45          
  46          void main()
  47          {
  48   1        u8 i,j; 
  49   1        LcdInit(); //  LCD1602初始化函数 
  50   1        Show_string1(initword);
  51   1        Show_string2(start_line);
  52   1        while(1){
  53   2          //  初始密码设置
  54   2          while(mode==0&t==0) {
C51 COMPILER V9.60.0.0   MIAN                                                              02/16/2023 20:57:00 PAGE 2   

  55   3            KeyDown(&t, &mode, &k, TempPassword, &flag);
  56   3            InPut(&k, &flag, start_line, TempPassword);
  57   3            if(flag==3&k<5){flag=0;k=0;Show_string1(try_again);Show_string2(try_again2);delay_s(1);Show_string1(ini
             -tword);Show_string2(start_line);}
  58   3            if(flag==3&k>=5){t=1;k=0;num+=1;flag=0;memcpy(InitPassword,TempPassword,sizeof(InitPassword));mode=0;Wr
             -iteI2C(TempPassword,0x0000,6);}     
  59   3          }
  60   2          
  61   2          //  模式0：登录界面
  62   2          if(mode==0) {   
  63   3            Show_string1(name);
  64   3            Show_string2(start_line);
  65   3            while(mode==0&t==1){  
  66   4              KeyDown(&t, &mode, &k, TempPassword, &flag);
  67   4              InPut(&k, &flag, start_line, TempPassword);
  68   4              if(flag==3&k<5){flag=0;k=0;Show_string1(try_again);Show_string2(try_again2);delay_s(1);Show_string1(na
             -me);Show_string2(start_line);}
  69   4              //  判断密码正误
  70   4              if(flag==3&k>=5){
  71   5                for(i=0;i<num;i++){
  72   6                  ReadI2C(CurrentPassword,0X0000+6*i,6);delay_ms(100);
  73   6                  for(j=0;j<6;j++){
  74   7                    if(CurrentPassword[j]==TempPassword[j]){flag_d=1;}
  75   7                    else{flag_d=0;}
  76   7                    show_number(0x49+j,CurrentPassword[j]);
  77   7                  }
  78   6                  if(flag_d==1)break;
  79   6                }
  80   5                delay_s(2);
  81   5                if(flag_d==0){
  82   6                  ALERT=0;delay_ms(200);ALERT=1;Show_string2(Er_try);n_alert+=1;delay_s(1);Show_string2(start_line);
  83   6                  //  锁定
  84   6                  while(n_alert==3){
  85   7                    flag=0;
  86   7                    k=0;
  87   7                    Show_string1(Locked);
  88   7                    KeyDown(&t, &mode, &k, TempPassword, &flag);
  89   7                    InPut(&k, &flag, start_line, TempPassword);
  90   7                    if(flag==3&k<5){flag=0;k=0;Show_string1(try_again);Show_string2(try_again2);delay_s(1);Show_string1
             -(name);Show_string2(start_line);}
  91   7                    while(flag==3&k>=5){
  92   8                      if(flag==3&k>=5){
  93   9                        ReadI2C(CurrentPassword,0,6);
  94   9                        for(j=0;j<6;j++){
  95  10                          if(CurrentPassword[j]==InitPassword[j]){flag_d=1;}
  96  10                          else{flag_d=0;break;}
  97  10                        }
  98   9                        if(flag_d==1)break;
  99   9                      }
 100   8                      if(flag_d==0){Show_string2(Er_try);delay_s(1);Show_string2(start_line);flag=0;flag_c==0;}
*** WARNING C275 IN LINE 100 OF mian.c: expression with possibly no effect
 101   8                      else n_alert=0;
 102   8                    }
 103   7                  }
 104   6                }
 105   5                else {Show_string2(LockOpen),LED=0;delay_s(1);Show_string2(start_line);LED=1;n_alert=0;}
 106   5                flag=0;
 107   5                k=0;
 108   5                flag_d=0;
 109   5              }
 110   4            }     
 111   3          }
C51 COMPILER V9.60.0.0   MIAN                                                              02/16/2023 20:57:00 PAGE 3   

 112   2          
 113   2          //  模式1：修改密码
 114   2          if(mode==1){ 
 115   3            while(mode==1){
 116   4              //  模式选择页面
 117   4              Show_string1(mode_line);
 118   4              Show_string2(mode1);
 119   4              KeyDown(&t, &mode, &k, TempPassword, &flag);
 120   4              
 121   4              //  页面设置
 122   4              if(flag==3){
 123   5                //  旧密码 
 124   5                flag=0;
 125   5                Show_string1(old_p);
 126   5                Show_string2(start_line);
 127   5                while(flag!=3){             
 128   6                  KeyDown(&t, &mode, &k, TempPassword, &flag);
 129   6                  if(flag==2&k==0){flag=3;mode=1;k='a';}  // 返回
 130   6                  InPut(&k, &flag, &start_line, TempPassword);
 131   6                  if(flag==3&k<5&k!='a'){flag=0;k=0;Show_string1(try_again);Show_string2(try_again2);delay_s(1);Show_s
             -tring1(old_p);Show_string2(start_line);}
 132   6                  //  已保存密码浏览
 133   6                  if(flag==3&k>=5&k!='a'){
 134   7                    for(i=0;i<num;i++){
 135   8                      ReadI2C(CurrentPassword,0+6*i,6);
 136   8                      for(j=0;j<6;j++){
 137   9                        if(CurrentPassword[j]==TempPassword[j]){flag_d=1;flag_c=0+6*i;}
 138   9                        else{flag_d=0;break;}
 139   9                      }
 140   8                      if(flag_d==1)break;
 141   8                    }
 142   7                    if(flag_d==0){Show_string2(Er_try);delay_s(1);Show_string2(start_line);flag=0;k=0;}else {
 143   8                      //  新密码
 144   8                      flag=0 ;
 145   8                      flag_d=0;
 146   8                      Show_string1(new_p);
 147   8                      Show_string2(start_line);
 148   8                      while(flag!=3){             
 149   9                        KeyDown(&t, &mode, &k, TempPassword, &flag);
 150   9                        if(flag==2&k==0){flag=3;mode=1;k='a';}  // 返回
 151   9                        InPut(&k, &flag, &start_line, TempPassword);
 152   9                        if(flag==3&k<5&k!='a'){flag=0;k=0;Show_string1(try_again);Show_string2(try_again2);delay_s(1);Sho
             -w_string1(new_p);Show_string2(start_line);}
 153   9                        if(flag==3&k>=5&k!='a'){t=1;k=0;flag=0;flag=0;mode=0;WriteI2C(TempPassword,flag_c,6);Show_string2
             -(ResetOK);}
 154   9                      }
 155   8                    }
 156   7                  }
 157   6                }
 158   5                flag=0;
 159   5                k=0;
 160   5              }
 161   4            }
 162   3          }
 163   2          
 164   2          //  模式2：添加新用户
 165   2          if(mode==2){ 
 166   3            while(mode==2){
 167   4              // 模式选择页面
 168   4              Show_string1(mode_line);
 169   4              Show_string2(mode2);
 170   4              KeyDown(&t, &mode, &k, TempPassword, &flag);
C51 COMPILER V9.60.0.0   MIAN                                                              02/16/2023 20:57:00 PAGE 4   

 171   4              
 172   4              // 页面设置
 173   4              if(flag==3){
 174   5                flag=0;
 175   5                Show_string1(username);
 176   5                show_number(0X0E,num);show_string(0X0F,'=');
 177   5                Show_string2(start_line);
 178   5                while(flag!=3){   
 179   6                  KeyDown(&t, &mode, &k, TempPassword, &flag);
 180   6                  if(flag==2&k==0){flag=3;mode=2;k='a';}  // 返回
 181   6                  InPut(&k, &flag, start_line, TempPassword);
 182   6                  if(flag==3&k<5&k!='a'){flag=0;k=0;Show_string1(try_again);Show_string2(try_again2);delay_s(1);Show_s
             -tring1(username);show_number(0X0E,num);show_string(0X0F,'=');Show_string2(start_line);} //  密码位数不足
 183   6                  if(flag==3&k>=5&k!='a'){
 184   7                    for(i=0;i<num;i++){
 185   8                      ReadI2C(CurrentPassword,0+6*i,6);
 186   8                      for(j=0;j<6;j++){
 187   9                        if(CurrentPassword[j]==TempPassword[j]){flag_d=1;}
 188   9                        else{flag_d=0;break;}
 189   9                      }
 190   8                      if(flag_d==1)break;
 191   8                    }
 192   7                    if(flag_d==1){Show_string2(warn_a);delay_s(1);Show_string2(start_line);}
 193   7                    else {mode=0;k=0;num+=1;WriteI2C(TempPassword,0X00+6*num,6);Show_string2(right_a);delay_s(1);}
 194   7                    }
 195   6                  }
 196   5                flag=0;
 197   5                k=0;
 198   5              }       
 199   4            }
 200   3          }
 201   2        }
 202   1      }
 203          
 204          


MODULE INFORMATION:   STATIC OVERLAYABLE
   CODE SIZE        =   2487    ----
   CONSTANT SIZE    =    305    ----
   XDATA SIZE       =   ----    ----
   PDATA SIZE       =   ----    ----
   DATA SIZE        =     26       2
   IDATA SIZE       =   ----    ----
   BIT SIZE         =   ----    ----
END OF MODULE INFORMATION.


C51 COMPILATION COMPLETE.  1 WARNING(S),  0 ERROR(S)
